there%20are%20some%20spaces%20in%20this%20sentence